// Jest Snapshot v1, https://goo.gl/fbAQLP

exports[`pruebas en <MultipleCustomHooks />  debe de mostrar la informacion 1`] = `
<Fragment>
  <h1>
    Custom Hooks!!!
  </h1>
  <hr />
  <blockquote
    className="blockquote text-right"
  >
    <p
      className="mb-0"
    >
      anda pa ya bobo
    </p>
    <footer
      className="blockquote"
    >
      messi
    </footer>
  </blockquote>
  <button
    className="btn btn-primary"
    onClick={[Function]}
  >
    siguiente frase
  </button>
</Fragment>
`;

exports[`pruebas en <MultipleCustomHooks />  debe de renderizarse correctamente  1`] = `
<Fragment>
  <h1>
    Custom Hooks!!!
  </h1>
  <hr />
  <div
    className="alert alert-info text-center"
  >
     loading...
  </div>
</Fragment>
`;
