// Jest Snapshot v1, https://goo.gl/fbAQLP

exports[`pruebas en <NavBar /> debe de mostrarse correctamente 1`] = `
<nav>
  <ul>
    <li>
      <Link
        to="/"
      >
        Home
      </Link>
    </li>
    <li>
      <Link
        to="/about"
      >
        About
      </Link>
    </li>
    <li>
      <Link
        to="/login"
      >
        Login
      </Link>
    </li>
  </ul>
</nav>
`;
